--- Testing Semantic Classification ---
